MO borrowout NULL status_detector.v vlg6F/borrowout.bin 1502948133
MO datapath NULL datapath.v vlg27/datapath.bin 1502948133
MO controller_fsm NULL controller_fsm.v vlg19/controller__fsm.bin 1502948133
MO top NULL top.v vlg6F/top.bin 1502948133
MO status_detector NULL status_detector.v vlg31/status__detector.bin 1502948133
MO register4bit NULL registers.v vlg10/register4bit.bin 1502948133
MO register10bit NULL registers.v vlg21/register10bit.bin 1502948133
MO functional_unit NULL functional_unit.v vlg6E/functional__unit.bin 1502948133
