MO fsm_beh NULL fsm_beh.v vlg58/fsm__beh.bin 1501090256
MO top NULL top.v vlg6F/top.bin 1501090256
MO outputFn_beh NULL outputFn_beh.v vlg5B/output_fn__beh.bin 1501090311
MO testBench NULL testBench.v vlg4C/test_bench.bin 1501090256
MO delaElem_beh NULL delaElem_beh.v vlg37/dela_elem__beh.bin 1501090256
MO stateTransFn_beh NULL stateTransFn_beh.v vlg77/state_trans_fn__beh.bin 1501090311
