MO fsm_beh NULL top.v vlg58/fsm__beh.bin 1501233174
MO delayElem_beh NULL top.v vlg48/delay_elem__beh.bin 1501233174
MO top NULL top.v vlg6F/top.bin 1501233174
MO outputFn_beh NULL top.v vlg5B/output_fn__beh.bin 1501233174
MO testBench NULL top.v vlg4C/test_bench.bin 1501233174
MO stateTransFn_beh NULL top.v vlg77/state_trans_fn__beh.bin 1501233174
